../Core/Src/main.c:309:6:set_adau1978_gain	40	static
../Core/Src/main.c:315:10:compute_rms	24	static
../Core/Src/main.c:323:6:auto_gain_adjustment	32	static
../Core/Src/main.c:349:5:main	288	static
../Core/Src/main.c:629:6:SystemClock_Config	88	static
../Core/Src/main.c:674:6:PeriphCommonClock_Config	24	static
../Core/Src/main.c:695:13:MX_I2C1_Init	8	static
../Core/Src/main.c:724:13:MX_I2C2_Init	8	static
../Core/Src/main.c:758:13:MX_I2S2_Init	8	static
../Core/Src/main.c:792:13:MX_I2S3_Init	8	static
../Core/Src/main.c:826:13:MX_SDIO_SD_Init	4	static
../Core/Src/main.c:855:13:MX_USART2_UART_Init	8	static
../Core/Src/main.c:888:13:MX_USART3_UART_Init	8	static
../Core/Src/main.c:920:13:MX_DMA_Init	16	static
../Core/Src/main.c:941:13:MX_GPIO_Init	56	static
../Core/Src/main.c:1028:19:I2C1_ClockConfig	16	static
../Core/Src/main.c:1043:6:handle_recording	8	static
../Core/Src/main.c:1071:6:HAL_GPIO_EXTI_Callback	24	static
../Core/Src/main.c:1107:5:Start_Recording	16	static
../Core/Src/main.c:1208:5:stop_recording	8	static
../Core/Src/main.c:1247:6:HAL_I2S_RxCpltCallback	16	static
../Core/Src/main.c:1275:6:HAL_I2S_RxHalfCpltCallback	16	static
../Core/Src/main.c:1293:6:configure_codec	32	static
../Core/Src/main.c:1324:6:SD_Card	8	static
../Core/Src/main.c:1434:6:CODEC_RST	8	static
../Core/Src/main.c:1445:6:TS472IQT_EN	8	static
../Core/Src/main.c:1455:6:read_and_print_registers	40	static
../Core/Src/main.c:1476:6:History_update	8	static
../Core/Src/main.c:1538:17:WavProcess_EncInit	16	static
../Core/Src/main.c:1566:17:WavProcess_HeaderInit	16	static
../Core/Src/main.c:1652:17:WavProcess_HeaderUpdate	16	static
../Core/Src/main.c:1672:6:message	16	static
../Core/Src/main.c:1689:6:Error_Handler	4	static,ignoring_inline_asm
