../Core/Src/stm32f4xx_it.c:75:6:NMI_Handler	4	static
../Core/Src/stm32f4xx_it.c:90:6:HardFault_Handler	4	static
../Core/Src/stm32f4xx_it.c:105:6:MemManage_Handler	4	static
../Core/Src/stm32f4xx_it.c:120:6:BusFault_Handler	4	static
../Core/Src/stm32f4xx_it.c:135:6:UsageFault_Handler	4	static
../Core/Src/stm32f4xx_it.c:150:6:SVC_Handler	4	static
../Core/Src/stm32f4xx_it.c:163:6:DebugMon_Handler	4	static
../Core/Src/stm32f4xx_it.c:176:6:PendSV_Handler	4	static
../Core/Src/stm32f4xx_it.c:189:6:SysTick_Handler	8	static
../Core/Src/stm32f4xx_it.c:208:6:EXTI0_IRQHandler	8	static
../Core/Src/stm32f4xx_it.c:219:6:EXTI2_IRQHandler	8	static
../Core/Src/stm32f4xx_it.c:236:6:DMA1_Stream0_IRQHandler	8	static
../Core/Src/stm32f4xx_it.c:250:6:DMA1_Stream3_IRQHandler	8	static
../Core/Src/stm32f4xx_it.c:264:6:SPI2_IRQHandler	8	static
../Core/Src/stm32f4xx_it.c:278:6:SPI3_IRQHandler	8	static
../Core/Src/stm32f4xx_it.c:293:6:USART2_IRQHandler	8	static
../Core/Src/stm32f4xx_it.c:304:6:USART3_IRQHandler	8	static
